4000001txns	021.434000001txns	052.294000001txns	090.044000001txns	135.374000001txns	047.054000001txns	126.904000001txns	137.644000001txns	040.334000002txns	032.654000002txns	005.584000002txns	194.864000002txns	098.814000002txns	176.634000002txns	198.444000003txns	151.204000003txns	198.194000003txns	178.204000004txns	193.634000004txns	032.344000004txns	038.524000004txns	028.114000004txns	044.464000005txns	044.824000005txns	027.894000005txns	165.104000005txns	045.794000005txns	041.554000006txns	010.444000006txns	152.464000006txns	106.114000006txns	174.364000006txns	096.014000007txns	035.664000007txns	154.874000007txns	020.204000007txns	180.284000007txns	150.604000007txns	157.944000008txns	154.154000008txns	005.034000008txns	185.264000008txns	079.784000008txns	051.814000008txns	088.654000008txns	075.554000008txns	020.134000008txns	100.104000008txns	098.964000009txns	121.394000009txns	144.204000009txns	019.644000009txns	099.504000009txns	031.584000009txns	041.524000010txns	036.814000010txns	055.934000010txns	035.564000010txns	144.594000010txns	066.404000010txns	107.80ÿÿÖí(Å