4000001custs	Kristina4000002custs	Paige4000003custs	Sherri4000004custs	Gretchen4000005custs	Karen4000006custs	Patrick4000007custs	Elsie4000008custs	Hazel4000009custs	Malcolm4000010custs	Doloresÿÿ4¸p